// Jest Snapshot v1, https://goo.gl/fbAQLP

exports[`<LogsTable> snapshot 1`] = `
<div
  className="mt-4"
>
  <table
    className="w-100"
  >
    <thead>
      <tr>
        <th
          className="default border-bottom"
          onClick={[Function]}
        >
          Log ID
          <span>
            <img
              src="default.png"
            />
          </span>
        </th>
        <th
          className="default border-bottom"
          onClick={[Function]}
        >
          Application Type
          <span>
            <img
              src="default.png"
            />
          </span>
        </th>
        <th
          className="default border-bottom"
          onClick={[Function]}
        >
          Application ID
          <span>
            <img
              src="default.png"
            />
          </span>
        </th>
        <th
          className="default border-bottom"
          onClick={[Function]}
        >
          Action
          <span>
            <img
              src="default.png"
            />
          </span>
        </th>
        <th
          className=" border-bottom"
          onClick={null}
        >
          Action Details
          <span>
            <img />
          </span>
        </th>
        <th
          className="default border-bottom"
          onClick={[Function]}
        >
          Date:Time
          <span>
            <img
              src="default.png"
            />
          </span>
        </th>
      </tr>
    </thead>
    <tbody>
      <tr>
        <td
          className="border-bottom"
        >
          906468196730134
        </td>
        <td
          className="border-bottom"
        >
          ——
        </td>
        <td
          className="border-bottom"
        >
          ——
        </td>
        <td
          className="border-bottom"
        >
          DARI_REFRESH_TOKEN
        </td>
        <td
          className="border-bottom"
        >
          ——
        </td>
        <td
          className="border-bottom"
        >
          2022-01-31 17:29:00
        </td>
      </tr>
      <tr>
        <td
          className="border-bottom"
        >
          365001413757985
        </td>
        <td
          className="border-bottom"
        >
          ——
        </td>
        <td
          className="border-bottom"
        >
          ——
        </td>
        <td
          className="border-bottom"
        >
          DARI_REFRESH_TOKEN
        </td>
        <td
          className="border-bottom"
        >
          ——
        </td>
        <td
          className="border-bottom"
        >
          2022-01-31 17:51:01
        </td>
      </tr>
      <tr>
        <td
          className="border-bottom"
        >
          934448782347868
        </td>
        <td
          className="border-bottom"
        >
          ——
        </td>
        <td
          className="border-bottom"
        >
          ——
        </td>
        <td
          className="border-bottom"
        >
          DARI_REFRESH_TOKEN
        </td>
        <td
          className="border-bottom"
        >
          ——
        </td>
        <td
          className="border-bottom"
        >
          2022-01-31 17:51:01
        </td>
      </tr>
      <tr>
        <td
          className="border-bottom"
        >
          805901994400875
        </td>
        <td
          className="border-bottom"
        >
          ——
        </td>
        <td
          className="border-bottom"
        >
          ——
        </td>
        <td
          className="border-bottom"
        >
          DARI_REFRESH_TOKEN
        </td>
        <td
          className="border-bottom"
        >
          ——
        </td>
        <td
          className="border-bottom"
        >
          2022-01-31 19:28:02
        </td>
      </tr>
      <tr>
        <td
          className="border-bottom"
        >
          842180396585606
        </td>
        <td
          className="border-bottom"
        >
          ——
        </td>
        <td
          className="border-bottom"
        >
          ——
        </td>
        <td
          className="border-bottom"
        >
          DARI_REFRESH_TOKEN
        </td>
        <td
          className="border-bottom"
        >
          ——
        </td>
        <td
          className="border-bottom"
        >
          2022-01-31 17:29:00
        </td>
      </tr>
      <tr>
        <td
          className="border-bottom"
        >
          712087267864057
        </td>
        <td
          className="border-bottom"
        >
          ——
        </td>
        <td
          className="border-bottom"
        >
          ——
        </td>
        <td
          className="border-bottom"
        >
          DARI_APP_LOGIN
        </td>
        <td
          className="border-bottom"
        >
          ——
        </td>
        <td
          className="border-bottom"
        >
          2022-01-31 17:17:32
        </td>
      </tr>
      <tr>
        <td
          className="border-bottom"
        >
          562514270265046
        </td>
        <td
          className="border-bottom"
        >
          CERT_TITLE_DEED_PLOT
        </td>
        <td
          className="border-bottom"
        >
          375709440378514
        </td>
        <td
          className="border-bottom"
        >
          INITIATE_APPLICATION
        </td>
        <td
          className="border-bottom"
        >
          ——
        </td>
        <td
          className="border-bottom"
        >
          2021-11-29 18:33:40
        </td>
      </tr>
      <tr>
        <td
          className="border-bottom"
        >
          519234858220197
        </td>
        <td
          className="border-bottom"
        >
          LEASE_REGISTRATION
        </td>
        <td
          className="border-bottom"
        >
          657199561191750
        </td>
        <td
          className="border-bottom"
        >
          INITIATE_APPLICATION
        </td>
        <td
          className="border-bottom"
        >
          ——
        </td>
        <td
          className="border-bottom"
        >
          2021-11-28 10:30:32
        </td>
      </tr>
      <tr>
        <td
          className="border-bottom"
        >
          565125103357125
        </td>
        <td
          className="border-bottom"
        >
          ADD_POA
        </td>
        <td
          className="border-bottom"
        >
          726278576002607
        </td>
        <td
          className="border-bottom"
        >
          INITIATE_APPLICATION
        </td>
        <td
          className="border-bottom"
        >
          ——
        </td>
        <td
          className="border-bottom"
        >
          2021-12-09 12:01:12
        </td>
      </tr>
      <tr>
        <td
          className="border-bottom"
        >
          357096041490197
        </td>
        <td
          className="border-bottom"
        >
          LEASE_REGISTRATION
        </td>
        <td
          className="border-bottom"
        >
          144170790324169
        </td>
        <td
          className="border-bottom"
        >
          SUBMIT_APPLICATION
        </td>
        <td
          className="border-bottom"
        >
          ——
        </td>
        <td
          className="border-bottom"
        >
          2021-12-09 02:23:54
        </td>
      </tr>
    </tbody>
  </table>
</div>
`;
